Updating and loading repositories:
Repositories loaded.
Package "pkgconf-pkg-config-2.3.0-2.fc42.x86_64" is already installed.
Package "gcc-gfortran-15.2.1-7.fc42.x86_64" is already installed.
Package "libcurl-devel-8.11.1-8.fc42.x86_64" is already installed.

Total size of inbound packages is 28 MiB. Need to download 28 MiB.
After this operation, 194 MiB extra will be used (install 194 MiB, remove 0 B).
Package        Arch   Version            Repository      Size
Installing:
 libuv-devel   x86_64 1:1.51.0-1.fc42    updates    192.5 KiB
 pandoc        x86_64 3.1.11.1-34.1.fc42 updates    191.1 MiB
Installing dependencies:
 libuv         x86_64 1:1.51.0-1.fc42    updates    570.2 KiB
 libuv-static  x86_64 1:1.51.0-1.fc42    updates    427.9 KiB
 pandoc-common noarch 3.1.11.1-34.fc42   updates      1.9 MiB

Transaction Summary:
 Installing:         5 packages

[1/5] libuv-devel-1:1.51.0-1.fc42.x86_6 100% |  61.0 KiB/s |  41.2 KiB |  00m01s
[2/5] libuv-static-1:1.51.0-1.fc42.x86_ 100% | 120.4 KiB/s | 111.1 KiB |  00m01s
[3/5] libuv-1:1.51.0-1.fc42.x86_64      100% | 284.2 KiB/s | 266.3 KiB |  00m01s
[4/5] pandoc-common-0:3.1.11.1-34.fc42. 100% | 864.1 KiB/s | 536.6 KiB |  00m01s
[5/5] pandoc-0:3.1.11.1-34.1.fc42.x86_6 100% |   1.6 MiB/s |  27.1 MiB |  00m17s
--------------------------------------------------------------------------------
[5/5] Total                             100% |   1.5 MiB/s |  28.1 MiB |  00m18s
Running transaction
[1/7] Verify package files              100% |  24.0   B/s |   5.0   B |  00m00s
[2/7] Prepare transaction               100% |  50.0   B/s |   5.0   B |  00m00s
[3/7] Installing pandoc-common-0:3.1.11 100% |  35.1 MiB/s |   1.9 MiB |  00m00s
[4/7] Installing libuv-1:1.51.0-1.fc42. 100% |  43.0 MiB/s | 573.0 KiB |  00m00s
[5/7] Installing libuv-static-1:1.51.0- 100% |  41.8 MiB/s | 428.3 KiB |  00m00s
[6/7] Installing libuv-devel-1:1.51.0-1 100% |  17.3 MiB/s | 195.4 KiB |  00m00s
[7/7] Installing pandoc-0:3.1.11.1-34.1 100% |  51.1 MiB/s | 191.1 MiB |  00m04s
Complete!
Installing declared dependencies: tinytest, rbibutils, litedown, later2, callr, curl, jsonlite
also installing the dependencies ‘ps’, ‘commonmark’, ‘xfun’, ‘cpp4r’, ‘otel’, ‘processx’, ‘R6’

trying URL 'https://cloud.r-project.org/src/contrib/ps_1.9.3.tar.gz'
trying URL 'https://cloud.r-project.org/src/contrib/commonmark_2.0.0.tar.gz'
trying URL 'https://cloud.r-project.org/src/contrib/xfun_0.61.tar.gz'
trying URL 'https://cloud.r-project.org/src/contrib/cpp4r_1.3.0.tar.gz'
trying URL 'https://cloud.r-project.org/src/contrib/otel_0.2.0.tar.gz'
trying URL 'https://cloud.r-project.org/src/contrib/processx_3.9.0.tar.gz'
trying URL 'https://cloud.r-project.org/src/contrib/R6_2.6.1.tar.gz'
trying URL 'https://cloud.r-project.org/src/contrib/tinytest_1.4.3.tar.gz'
trying URL 'https://cloud.r-project.org/src/contrib/rbibutils_2.4.1.tar.gz'
trying URL 'https://cloud.r-project.org/src/contrib/litedown_0.11.tar.gz'
trying URL 'https://cloud.r-project.org/src/contrib/later2_0.1.tar.gz'
trying URL 'https://cloud.r-project.org/src/contrib/callr_3.8.0.tar.gz'
trying URL 'https://cloud.r-project.org/src/contrib/curl_8.0.0.tar.gz'
trying URL 'https://cloud.r-project.org/src/contrib/jsonlite_2.0.0.tar.gz'
Warning: unknown option ‘--no-build-vignettes’
* installing *source* package ‘ps’ ...
** this is package ‘ps’ version ‘1.9.3’
** package ‘ps’ successfully unpacked and MD5 sums checked
** using staged installation
** libs
using C compiler: ‘gcc (GCC) 15.2.1 20260123 (Red Hat 15.2.1-7)’
gcc -g -O2  -L/usr/local/lib -Wall px.c -o px
gcc -I"/opt/R/devel/lib/R/include" -DNDEBUG   -I/usr/local/include    -fpic  -g -O2  -c init.c -o init.o
gcc -I"/opt/R/devel/lib/R/include" -DNDEBUG   -I/usr/local/include    -fpic  -g -O2  -c api-common.c -o api-common.o
gcc -I"/opt/R/devel/lib/R/include" -DNDEBUG   -I/usr/local/include    -fpic  -g -O2  -c common.c -o common.o
gcc -I"/opt/R/devel/lib/R/include" -DNDEBUG   -I/usr/local/include    -fpic  -g -O2  -c extra.c -o extra.o
gcc -I"/opt/R/devel/lib/R/include" -DNDEBUG   -I/usr/local/include    -fpic  -g -O2  -c dummy.c -o dummy.o
gcc -I"/opt/R/devel/lib/R/include" -DNDEBUG   -I/usr/local/include    -fpic  -g -O2  -c error-codes.c -o error-codes.o
gcc -I"/opt/R/devel/lib/R/include" -DNDEBUG   -I/usr/local/include    -fpic  -g -O2  -c cleancall.c -o cleancall.o
gcc -I"/opt/R/devel/lib/R/include" -DNDEBUG   -I/usr/local/include    -fpic  -g -O2  -c posix.c -o posix.o
gcc -I"/opt/R/devel/lib/R/include" -DNDEBUG   -I/usr/local/include    -fpic  -g -O2  -c api-posix.c -o api-posix.o
gcc -I"/opt/R/devel/lib/R/include" -DNDEBUG   -I/usr/local/include    -fpic  -g -O2  -c linux.c -o linux.o
gcc -I"/opt/R/devel/lib/R/include" -DNDEBUG   -I/usr/local/include    -fpic  -g -O2  -c api-linux.c -o api-linux.o
gcc -shared -L/opt/R/devel/lib/R/lib -L/usr/local/lib -o ps.so init.o api-common.o common.o extra.o dummy.o error-codes.o cleancall.o posix.o api-posix.o linux.o api-linux.o -L/opt/R/devel/lib/R/lib -lR
installing via 'install.libs.R' to /cache/R_libs/00LOCK-ps/00new/ps
** R
** inst
** byte-compile and prepare package for lazy loading
** help
*** installing help indices
  converting help for package ‘ps’
    finding HTML links ... done
    CleanupReporter                         html  
    errno                                   html  
    ps-package                              html  
    ps                                      html  
    ps_apps                                 html  
    ps_boot_time                            html  
    ps_children                             html  
    ps_cmdline                              html  
    ps_connections                          html  
    ps_cpu_count                            html  
    ps_cpu_times                            html  
    ps_create_time                          html  
    ps_cwd                                  html  
    ps_descent                              html  
    ps_disk_io_counters                     html  
    ps_disk_partitions                      html  
    ps_disk_usage                           html  
    ps_environ                              html  
    ps_exe                                  html  
    ps_fs_info                              html  
    ps_fs_mount_point                       html  
    ps_fs_stat                              html  
    ps_get_cpu_affinity                     html  
    ps_get_nice                             html  
    ps_handle                               html  
    ps_interrupt                            html  
    ps_is_running                           html  
    ps_kill                                 html  
    ps_kill_tree                            html  
    ps_loadavg                              html  
    ps_memory_info                          html  
    ps_name                                 html  
    ps_num_fds                              html  
    ps_num_threads                          html  
    ps_open_files                           html  
    ps_os_type                              html  
    ps_pid                                  html  
    ps_pids                                 html  
    ps_ppid                                 html  
    ps_resume                               html  
    ps_send_signal                          html  
    ps_shared_lib_users                     html  
    ps_shared_libs                          html  
    ps_status                               html  
    ps_string                               html  
    ps_suspend                              html  
    ps_system_cpu_times                     html  
    ps_system_memory                        html  
    ps_system_swap                          html  
    ps_terminal                             html  
    ps_terminate                            html  
    ps_tty_size                             html  
    ps_uids                                 html  
    ps_username                             html  
    ps_users                                html  
    ps_wait                                 html  
    signals                                 html  
** building package indices
** testing if installed package can be loaded from temporary location
** checking absolute paths in shared objects and dynamic libraries
** testing if installed package can be loaded from final location
** testing if installed package keeps a record of temporary installation path
* DONE (ps)
Warning: unknown option ‘--no-build-vignettes’
* installing *source* package ‘commonmark’ ...
** this is package ‘commonmark’ version ‘2.0.0’
** package ‘commonmark’ successfully unpacked and MD5 sums checked
** using staged installation
** libs
using C compiler: ‘gcc (GCC) 15.2.1 20260123 (Red Hat 15.2.1-7)’
gcc -I"/opt/R/devel/lib/R/include" -DNDEBUG -Icmark -I. -DCMARK_GFM_STATIC_DEFINE -DCMARK_GFM_EXTENSIONS_STATIC_DEFINE -DR_NO_REMAP -DSTRICT_R_HEADERS  -I/usr/local/include   -fvisibility=hidden -fpic  -g -O2  -c extensions.c -o extensions.o
gcc -I"/opt/R/devel/lib/R/include" -DNDEBUG -Icmark -I. -DCMARK_GFM_STATIC_DEFINE -DCMARK_GFM_EXTENSIONS_STATIC_DEFINE -DR_NO_REMAP -DSTRICT_R_HEADERS  -I/usr/local/include   -fvisibility=hidden -fpic  -g -O2  -c init.c -o init.o
gcc -I"/opt/R/devel/lib/R/include" -DNDEBUG -Icmark -I. -DCMARK_GFM_STATIC_DEFINE -DCMARK_GFM_EXTENSIONS_STATIC_DEFINE -DR_NO_REMAP -DSTRICT_R_HEADERS  -I/usr/local/include   -fvisibility=hidden -fpic  -g -O2  -c wrapper.c -o wrapper.o
gcc -I"/opt/R/devel/lib/R/include" -DNDEBUG -Icmark -I. -DCMARK_GFM_STATIC_DEFINE -DCMARK_GFM_EXTENSIONS_STATIC_DEFINE -DR_NO_REMAP -DSTRICT_R_HEADERS  -I/usr/local/include   -fvisibility=hidden -fpic  -g -O2  -c cmark/cmark.c -o cmark/cmark.o
gcc -I"/opt/R/devel/lib/R/include" -DNDEBUG -Icmark -I. -DCMARK_GFM_STATIC_DEFINE -DCMARK_GFM_EXTENSIONS_STATIC_DEFINE -DR_NO_REMAP -DSTRICT_R_HEADERS  -I/usr/local/include   -fvisibility=hidden -fpic  -g -O2  -c cmark/node.c -o cmark/node.o
gcc -I"/opt/R/devel/lib/R/include" -DNDEBUG -Icmark -I. -DCMARK_GFM_STATIC_DEFINE -DCMARK_GFM_EXTENSIONS_STATIC_DEFINE -DR_NO_REMAP -DSTRICT_R_HEADERS  -I/usr/local/include   -fvisibility=hidden -fpic  -g -O2  -c cmark/iterator.c -o cmark/iterator.o
gcc -I"/opt/R/devel/lib/R/include" -DNDEBUG -Icmark -I. -DCMARK_GFM_STATIC_DEFINE -DCMARK_GFM_EXTENSIONS_STATIC_DEFINE -DR_NO_REMAP -DSTRICT_R_HEADERS  -I/usr/local/include   -fvisibility=hidden -fpic  -g -O2  -c cmark/blocks.c -o cmark/blocks.o
gcc -I"/opt/R/devel/lib/R/include" -DNDEBUG -Icmark -I. -DCMARK_GFM_STATIC_DEFINE -DCMARK_GFM_EXTENSIONS_STATIC_DEFINE -DR_NO_REMAP -DSTRICT_R_HEADERS  -I/usr/local/include   -fvisibility=hidden -fpic  -g -O2  -c cmark/inlines.c -o cmark/inlines.o
gcc -I"/opt/R/devel/lib/R/include" -DNDEBUG -Icmark -I. -DCMARK_GFM_STATIC_DEFINE -DCMARK_GFM_EXTENSIONS_STATIC_DEFINE -DR_NO_REMAP -DSTRICT_R_HEADERS  -I/usr/local/include   -fvisibility=hidden -fpic  -g -O2  -c cmark/scanners.c -o cmark/scanners.o
gcc -I"/opt/R/devel/lib/R/include" -DNDEBUG -Icmark -I. -DCMARK_GFM_STATIC_DEFINE -DCMARK_GFM_EXTENSIONS_STATIC_DEFINE -DR_NO_REMAP -DSTRICT_R_HEADERS  -I/usr/local/include   -fvisibility=hidden -fpic  -g -O2  -c cmark/utf8.c -o cmark/utf8.o
gcc -I"/opt/R/devel/lib/R/include" -DNDEBUG -Icmark -I. -DCMARK_GFM_STATIC_DEFINE -DCMARK_GFM_EXTENSIONS_STATIC_DEFINE -DR_NO_REMAP -DSTRICT_R_HEADERS  -I/usr/local/include   -fvisibility=hidden -fpic  -g -O2  -c cmark/buffer.c -o cmark/buffer.o
gcc -I"/opt/R/devel/lib/R/include" -DNDEBUG -Icmark -I. -DCMARK_GFM_STATIC_DEFINE -DCMARK_GFM_EXTENSIONS_STATIC_DEFINE -DR_NO_REMAP -DSTRICT_R_HEADERS  -I/usr/local/include   -fvisibility=hidden -fpic  -g -O2  -c cmark/references.c -o cmark/references.o
gcc -I"/opt/R/devel/lib/R/include" -DNDEBUG -Icmark -I. -DCMARK_GFM_STATIC_DEFINE -DCMARK_GFM_EXTENSIONS_STATIC_DEFINE -DR_NO_REMAP -DSTRICT_R_HEADERS  -I/usr/local/include   -fvisibility=hidden -fpic  -g -O2  -c cmark/render.c -o cmark/render.o
gcc -I"/opt/R/devel/lib/R/include" -DNDEBUG -Icmark -I. -DCMARK_GFM_STATIC_DEFINE -DCMARK_GFM_EXTENSIONS_STATIC_DEFINE -DR_NO_REMAP -DSTRICT_R_HEADERS  -I/usr/local/include   -fvisibility=hidden -fpic  -g -O2  -c cmark/man.c -o cmark/man.o
gcc -I"/opt/R/devel/lib/R/include" -DNDEBUG -Icmark -I. -DCMARK_GFM_STATIC_DEFINE -DCMARK_GFM_EXTENSIONS_STATIC_DEFINE -DR_NO_REMAP -DSTRICT_R_HEADERS  -I/usr/local/include   -fvisibility=hidden -fpic  -g -O2  -c cmark/xml.c -o cmark/xml.o
gcc -I"/opt/R/devel/lib/R/include" -DNDEBUG -Icmark -I. -DCMARK_GFM_STATIC_DEFINE -DCMARK_GFM_EXTENSIONS_STATIC_DEFINE -DR_NO_REMAP -DSTRICT_R_HEADERS  -I/usr/local/include   -fvisibility=hidden -fpic  -g -O2  -c cmark/html.c -o cmark/html.o
gcc -I"/opt/R/devel/lib/R/include" -DNDEBUG -Icmark -I. -DCMARK_GFM_STATIC_DEFINE -DCMARK_GFM_EXTENSIONS_STATIC_DEFINE -DR_NO_REMAP -DSTRICT_R_HEADERS  -I/usr/local/include   -fvisibility=hidden -fpic  -g -O2  -c cmark/commonmark.c -o cmark/commonmark.o
gcc -I"/opt/R/devel/lib/R/include" -DNDEBUG -Icmark -I. -DCMARK_GFM_STATIC_DEFINE -DCMARK_GFM_EXTENSIONS_STATIC_DEFINE -DR_NO_REMAP -DSTRICT_R_HEADERS  -I/usr/local/include   -fvisibility=hidden -fpic  -g -O2  -c cmark/latex.c -o cmark/latex.o
gcc -I"/opt/R/devel/lib/R/include" -DNDEBUG -Icmark -I. -DCMARK_GFM_STATIC_DEFINE -DCMARK_GFM_EXTENSIONS_STATIC_DEFINE -DR_NO_REMAP -DSTRICT_R_HEADERS  -I/usr/local/include   -fvisibility=hidden -fpic  -g -O2  -c cmark/houdini_href_e.c -o cmark/houdini_href_e.o
gcc -I"/opt/R/devel/lib/R/include" -DNDEBUG -Icmark -I. -DCMARK_GFM_STATIC_DEFINE -DCMARK_GFM_EXTENSIONS_STATIC_DEFINE -DR_NO_REMAP -DSTRICT_R_HEADERS  -I/usr/local/include   -fvisibility=hidden -fpic  -g -O2  -c cmark/houdini_html_e.c -o cmark/houdini_html_e.o
gcc -I"/opt/R/devel/lib/R/include" -DNDEBUG -Icmark -I. -DCMARK_GFM_STATIC_DEFINE -DCMARK_GFM_EXTENSIONS_STATIC_DEFINE -DR_NO_REMAP -DSTRICT_R_HEADERS  -I/usr/local/include   -fvisibility=hidden -fpic  -g -O2  -c cmark/houdini_html_u.c -o cmark/houdini_html_u.o
gcc -I"/opt/R/devel/lib/R/include" -DNDEBUG -Icmark -I. -DCMARK_GFM_STATIC_DEFINE -DCMARK_GFM_EXTENSIONS_STATIC_DEFINE -DR_NO_REMAP -DSTRICT_R_HEADERS  -I/usr/local/include   -fvisibility=hidden -fpic  -g -O2  -c cmark/cmark_ctype.c -o cmark/cmark_ctype.o
gcc -I"/opt/R/devel/lib/R/include" -DNDEBUG -Icmark -I. -DCMARK_GFM_STATIC_DEFINE -DCMARK_GFM_EXTENSIONS_STATIC_DEFINE -DR_NO_REMAP -DSTRICT_R_HEADERS  -I/usr/local/include   -fvisibility=hidden -fpic  -g -O2  -c cmark/arena.c -o cmark/arena.o
gcc -I"/opt/R/devel/lib/R/include" -DNDEBUG -Icmark -I. -DCMARK_GFM_STATIC_DEFINE -DCMARK_GFM_EXTENSIONS_STATIC_DEFINE -DR_NO_REMAP -DSTRICT_R_HEADERS  -I/usr/local/include   -fvisibility=hidden -fpic  -g -O2  -c cmark/linked_list.c -o cmark/linked_list.o
gcc -I"/opt/R/devel/lib/R/include" -DNDEBUG -Icmark -I. -DCMARK_GFM_STATIC_DEFINE -DCMARK_GFM_EXTENSIONS_STATIC_DEFINE -DR_NO_REMAP -DSTRICT_R_HEADERS  -I/usr/local/include   -fvisibility=hidden -fpic  -g -O2  -c cmark/plugin.c -o cmark/plugin.o
gcc -I"/opt/R/devel/lib/R/include" -DNDEBUG -Icmark -I. -DCMARK_GFM_STATIC_DEFINE -DCMARK_GFM_EXTENSIONS_STATIC_DEFINE -DR_NO_REMAP -DSTRICT_R_HEADERS  -I/usr/local/include   -fvisibility=hidden -fpic  -g -O2  -c cmark/registry.c -o cmark/registry.o
gcc -I"/opt/R/devel/lib/R/include" -DNDEBUG -Icmark -I. -DCMARK_GFM_STATIC_DEFINE -DCMARK_GFM_EXTENSIONS_STATIC_DEFINE -DR_NO_REMAP -DSTRICT_R_HEADERS  -I/usr/local/include   -fvisibility=hidden -fpic  -g -O2  -c cmark/syntax_extension.c -o cmark/syntax_extension.o
gcc -I"/opt/R/devel/lib/R/include" -DNDEBUG -Icmark -I. -DCMARK_GFM_STATIC_DEFINE -DCMARK_GFM_EXTENSIONS_STATIC_DEFINE -DR_NO_REMAP -DSTRICT_R_HEADERS  -I/usr/local/include   -fvisibility=hidden -fpic  -g -O2  -c cmark/plaintext.c -o cmark/plaintext.o
gcc -I"/opt/R/devel/lib/R/include" -DNDEBUG -Icmark -I. -DCMARK_GFM_STATIC_DEFINE -DCMARK_GFM_EXTENSIONS_STATIC_DEFINE -DR_NO_REMAP -DSTRICT_R_HEADERS  -I/usr/local/include   -fvisibility=hidden -fpic  -g -O2  -c cmark/footnotes.c -o cmark/footnotes.o
gcc -I"/opt/R/devel/lib/R/include" -DNDEBUG -Icmark -I. -DCMARK_GFM_STATIC_DEFINE -DCMARK_GFM_EXTENSIONS_STATIC_DEFINE -DR_NO_REMAP -DSTRICT_R_HEADERS  -I/usr/local/include   -fvisibility=hidden -fpic  -g -O2  -c cmark/map.c -o cmark/map.o
gcc -I"/opt/R/devel/lib/R/include" -DNDEBUG -Icmark -I. -DCMARK_GFM_STATIC_DEFINE -DCMARK_GFM_EXTENSIONS_STATIC_DEFINE -DR_NO_REMAP -DSTRICT_R_HEADERS  -I/usr/local/include   -fvisibility=hidden -fpic  -g -O2  -c extensions/autolink.c -o extensions/autolink.o
gcc -I"/opt/R/devel/lib/R/include" -DNDEBUG -Icmark -I. -DCMARK_GFM_STATIC_DEFINE -DCMARK_GFM_EXTENSIONS_STATIC_DEFINE -DR_NO_REMAP -DSTRICT_R_HEADERS  -I/usr/local/include   -fvisibility=hidden -fpic  -g -O2  -c extensions/core-extensions.c -o extensions/core-extensions.o
gcc -I"/opt/R/devel/lib/R/include" -DNDEBUG -Icmark -I. -DCMARK_GFM_STATIC_DEFINE -DCMARK_GFM_EXTENSIONS_STATIC_DEFINE -DR_NO_REMAP -DSTRICT_R_HEADERS  -I/usr/local/include   -fvisibility=hidden -fpic  -g -O2  -c extensions/ext_scanners.c -o extensions/ext_scanners.o
gcc -I"/opt/R/devel/lib/R/include" -DNDEBUG -Icmark -I. -DCMARK_GFM_STATIC_DEFINE -DCMARK_GFM_EXTENSIONS_STATIC_DEFINE -DR_NO_REMAP -DSTRICT_R_HEADERS  -I/usr/local/include   -fvisibility=hidden -fpic  -g -O2  -c extensions/strikethrough.c -o extensions/strikethrough.o
gcc -I"/opt/R/devel/lib/R/include" -DNDEBUG -Icmark -I. -DCMARK_GFM_STATIC_DEFINE -DCMARK_GFM_EXTENSIONS_STATIC_DEFINE -DR_NO_REMAP -DSTRICT_R_HEADERS  -I/usr/local/include   -fvisibility=hidden -fpic  -g -O2  -c extensions/table.c -o extensions/table.o
gcc -I"/opt/R/devel/lib/R/include" -DNDEBUG -Icmark -I. -DCMARK_GFM_STATIC_DEFINE -DCMARK_GFM_EXTENSIONS_STATIC_DEFINE -DR_NO_REMAP -DSTRICT_R_HEADERS  -I/usr/local/include   -fvisibility=hidden -fpic  -g -O2  -c extensions/tagfilter.c -o extensions/tagfilter.o
gcc -I"/opt/R/devel/lib/R/include" -DNDEBUG -Icmark -I. -DCMARK_GFM_STATIC_DEFINE -DCMARK_GFM_EXTENSIONS_STATIC_DEFINE -DR_NO_REMAP -DSTRICT_R_HEADERS  -I/usr/local/include   -fvisibility=hidden -fpic  -g -O2  -c extensions/tasklist.c -o extensions/tasklist.o
gcc -shared -L/opt/R/devel/lib/R/lib -L/usr/local/lib -o commonmark.so extensions.o init.o wrapper.o -Lcmark -lstatcmark -L/opt/R/devel/lib/R/lib -lR
installing to /cache/R_libs/00LOCK-commonmark/00new/commonmark/libs
** R
** byte-compile and prepare package for lazy loading
** help
*** installing help indices
  converting help for package ‘commonmark’
    finding HTML links ... done
    commonmark                              html  
    extensions                              html  
** building package indices
** testing if installed package can be loaded from temporary location
** checking absolute paths in shared objects and dynamic libraries
** testing if installed package can be loaded from final location
** testing if installed package keeps a record of temporary installation path
* DONE (commonmark)
Warning: unknown option ‘--no-build-vignettes’
* installing *source* package ‘xfun’ ...
** this is package ‘xfun’ version ‘0.61’
** package ‘xfun’ successfully unpacked and MD5 sums checked
** using staged installation
** libs
using C compiler: ‘gcc (GCC) 15.2.1 20260123 (Red Hat 15.2.1-7)’
gcc -I"/opt/R/devel/lib/R/include" -DNDEBUG   -I/usr/local/include    -fpic  -g -O2  -c base64.c -o base64.o
gcc -I"/opt/R/devel/lib/R/include" -DNDEBUG   -I/usr/local/include    -fpic  -g -O2  -c init.c -o init.o
gcc -I"/opt/R/devel/lib/R/include" -DNDEBUG   -I/usr/local/include    -fpic  -g -O2  -c rand_lcg.c -o rand_lcg.o
gcc -shared -L/opt/R/devel/lib/R/lib -L/usr/local/lib -o xfun.so base64.o init.o rand_lcg.o -L/opt/R/devel/lib/R/lib -lR
installing to /cache/R_libs/00LOCK-xfun/00new/xfun/libs
** R
** inst
** byte-compile and prepare package for lazy loading
** help
*** installing help indices
  converting help for package ‘xfun’
    finding HTML links ... done
    Rscript                                 html  
    Rscript_call                            html  
    alnum_id                                html  
    attr2                                   html  
    base64_encode                           html  
    base64_uri                              html  
    base_pkgs                               html  
    bg_process                              html  
    broken_packages                         html  
    browser_dom                             html  
    browser_print                           html  
    bump_version                            html  
    cache_exec                              html  
    cache_rds                               html  
    crandalf_check                          html  
    csv_options                             html  
    decimal_dot                             html  
    del_empty_dir                           html  
    dir_create                              html  
    dir_exists                              html  
    divide_chunk                            html  
    do_once                                 html  
    download_cache                          html  
    download_file                           html  
    embed_file                              html  
    env_option                              html  
    existing_files                          html  
    exit_call                               html  
    fenced_block                            html  
    file_ext                                html  
    file_rename                             html  
    file_string                             html  
    find_globals                            html  
    format_bytes                            html  
    from_root                               html  
    github_releases                         html  
    grep_sub                                html  
    gsub_file                               html  
    html_tag                                html  
    in_dir                                  html  
    install_dir                             html  
    install_github                          html  
    is_R_CMD_check                          html  
    is_abs_path                             html  
    is_ascii                                html  
    is_blank                                html  
    is_sub_path                             html  
    is_web_path                             html  
    join_words                              html  
    lazy_save                               html  
    magic_path                              html  
    mark_dirs                               html  
    md5                                     html  
    md_table                                html  
    mime_type                               html  
    msg_cat                                 html  
    native_encode                           html  
    new_app                                 html  
    news2md                                 html  
    normalize_path                          html  
    numbers_to_words                        html  
    optipng                                 html  
    os                                      html  
    parse_only                              html  
    pkg_attach                              html  
    pkg_bib                                 html  
    post_release                            html  
    proc_kill                               html  
    process_file                            html  
    proj_root                               html  
    prose_index                             html  
    protect_math                            html  
    rand_unit                               html  
    random_port                             html  
    raw_string                              html  
    read_all                                html  
    read_bin                                html  
    read_utf8                               html  
    record                                  html  
    record_print                            html  
    relative_path                           html  
    rename_seq                              html  
    rest_api                                html  
    retry                                   html  
    rev_check                               html  
    rstudio_type                            html  
    same_path                               html  
    serve_dir                               html  
    session_info                            html  
    set_envvar                              html  
    shrink_images                           html  
    split_lines                             html  
    split_source                            html  
    str_wrap                                html  
    strict_list                             html  
    strip_html                              html  
    submit_cran                             html  
    system3                                 html  
    tabset                                  html  
    taml_load                               html  
    tinify                                  html  
    tojson                                  html  
    tree                                    html  
    try_error                               html  
    try_silent                              html  
    upload_ftp                              html  
    upload_imgur                            html  
    url_accessible                          html  
    url_destination                         html  
    url_filename                            html  
    valid_syntax                            html  
    yaml_body                               html  
    yaml_load                               html  
** building package indices
** installing vignettes
** testing if installed package can be loaded from temporary location
** checking absolute paths in shared objects and dynamic libraries
** testing if installed package can be loaded from final location
** testing if installed package keeps a record of temporary installation path
* DONE (xfun)
Warning: unknown option ‘--no-build-vignettes’
* installing *source* package ‘cpp4r’ ...
** this is package ‘cpp4r’ version ‘1.3.0’
** package ‘cpp4r’ successfully unpacked and MD5 sums checked
** using staged installation
** R
** inst
** byte-compile and prepare package for lazy loading
** help
*** installing help indices
  converting help for package ‘cpp4r’
    finding HTML links ... done
    cpp4r-package                           html  
    pkg_template                            html  
    register                                html  
    unvendor                                html  
    vendor                                  html  
*** copying figures
** building package indices
** installing vignettes
** testing if installed package can be loaded from temporary location
** testing if installed package can be loaded from final location
** testing if installed package keeps a record of temporary installation path
* DONE (cpp4r)
Warning: unknown option ‘--no-build-vignettes’
* installing *source* package ‘otel’ ...
** this is package ‘otel’ version ‘0.2.0’
** package ‘otel’ successfully unpacked and MD5 sums checked
** using staged installation
** R
** inst
** byte-compile and prepare package for lazy loading
** help
*** installing help indices
  converting help for package ‘otel’
    finding HTML links ... done
    as_attributes                           html  
    counter_add                             html  
    default_tracer_name                     html  
    end_span                                html  
    environmentvariables                    html  
    extract_http_context                    html  
    gauge_record                            html  
    get_active_span                         html  
    get_active_span_context                 html  
    get_default_logger_provider             html  
    get_default_meter_provider              html  
    get_default_tracer_provider             html  
    get_logger                              html  
    get_meter                               html  
    get_tracer                              html  
    gettingstarted                          html  
    histogram_record                        html  
    is_logging_enabled                      html  
    is_measuring_enabled                    html  
    is_tracing_enabled                      html  
    local_active_span                       html  
    log                                     html  
    log_severity_levels                     html  
    logger_provider_noop                    html  
    meter_provider_noop                     html  
    otel_counter                            html  
    otel_gauge                              html  
    otel_histogram                          html  
    otel_logger                             html  
    otel_logger_provider                    html  
    otel_meter                              html  
    otel_meter_provider                     html  
    otel_span                               html  
    otel_span_context                       html  
    otel_tracer                             html  
    otel_tracer_provider                    html  
    otel_up_down_counter                    html  
    pack_http_context                       html  
    start_local_active_span                 html  
    start_span                              html  
    tracer_provider_noop                    html  
    tracing-constants                       html  
    up_down_counter_add                     html  
    with_active_span                        html  
    zci                                     html  
** building package indices
** testing if installed package can be loaded from temporary location
** testing if installed package can be loaded from final location
** testing if installed package keeps a record of temporary installation path
* DONE (otel)
Warning: unknown option ‘--no-build-vignettes’
* installing *source* package ‘R6’ ...
** this is package ‘R6’ version ‘2.6.1’
** package ‘R6’ successfully unpacked and MD5 sums checked
** using staged installation
** R
** byte-compile and prepare package for lazy loading
** help
*** installing help indices
  converting help for package ‘R6’
    finding HTML links ... done
    R6-package                              html  
    R6Class                                 html  
    as.list.R6                              html  
    is.R6                                   html  
*** copying figures
** building package indices
** testing if installed package can be loaded from temporary location
** testing if installed package can be loaded from final location
** testing if installed package keeps a record of temporary installation path
* DONE (R6)
Warning: unknown option ‘--no-build-vignettes’
* installing *source* package ‘tinytest’ ...
** this is package ‘tinytest’ version ‘1.4.3’
** package ‘tinytest’ successfully unpacked and MD5 sums checked
** using staged installation
** R
** inst
** byte-compile and prepare package for lazy loading
** help
*** installing help indices
  converting help for package ‘tinytest’
    finding HTML links ... done
    at_home                                 html  
    build_install_test                      html  
    exit_file                               html  
    expect_equal                            html  
    expect_equal_to_reference               html  
    expect_length                           html  
    expect_match                            html  
    get_call_wd                             html  
    ignore                                  html  
    print.tinytest                          html  
    puppy                                   html  
    register_tinytest_extension             html  
    report_side_effects                     html  
    run_test_dir                            html  
    run_test_file                           html  
    setup_tinytest                          html  
    test_package                            html  
    tinytest                                html  
    tinytests                               html  
    using                                   html  
** building package indices
** installing vignettes
** testing if installed package can be loaded from temporary location
** testing if installed package can be loaded from final location
** testing if installed package keeps a record of temporary installation path
* DONE (tinytest)
Warning: unknown option ‘--no-build-vignettes’
* installing *source* package ‘rbibutils’ ...
** this is package ‘rbibutils’ version ‘2.4.1’
** package ‘rbibutils’ successfully unpacked and MD5 sums checked
** using staged installation
** libs
using C compiler: ‘gcc (GCC) 15.2.1 20260123 (Red Hat 15.2.1-7)’
gcc -I"/opt/R/devel/lib/R/include" -DNDEBUG   -I/usr/local/include    -fpic  -g -O2  -c adsout.c -o adsout.o
gcc -I"/opt/R/devel/lib/R/include" -DNDEBUG   -I/usr/local/include    -fpic  -g -O2  -c any2xml.c -o any2xml.o
gcc -I"/opt/R/devel/lib/R/include" -DNDEBUG   -I/usr/local/include    -fpic  -g -O2  -c args.c -o args.o
gcc -I"/opt/R/devel/lib/R/include" -DNDEBUG   -I/usr/local/include    -fpic  -g -O2  -c bib2be.c -o bib2be.o
gcc -I"/opt/R/devel/lib/R/include" -DNDEBUG   -I/usr/local/include    -fpic  -g -O2  -c bibcore.c -o bibcore.o
gcc -I"/opt/R/devel/lib/R/include" -DNDEBUG   -I/usr/local/include    -fpic  -g -O2  -c bibentrydirectout.c -o bibentrydirectout.o
gcc -I"/opt/R/devel/lib/R/include" -DNDEBUG   -I/usr/local/include    -fpic  -g -O2  -c bibentryout.c -o bibentryout.o
gcc -I"/opt/R/devel/lib/R/include" -DNDEBUG   -I/usr/local/include    -fpic  -g -O2  -c bibl.c -o bibl.o
gcc -I"/opt/R/devel/lib/R/include" -DNDEBUG   -I/usr/local/include    -fpic  -g -O2  -c biblatexin.c -o biblatexin.o
gcc -I"/opt/R/devel/lib/R/include" -DNDEBUG   -I/usr/local/include    -fpic  -g -O2  -c biblatexout.c -o biblatexout.o
gcc -I"/opt/R/devel/lib/R/include" -DNDEBUG   -I/usr/local/include    -fpic  -g -O2  -c bibprog.c -o bibprog.o
gcc -I"/opt/R/devel/lib/R/include" -DNDEBUG   -I/usr/local/include    -fpic  -g -O2  -c bibtexdirectin.c -o bibtexdirectin.o
gcc -I"/opt/R/devel/lib/R/include" -DNDEBUG   -I/usr/local/include    -fpic  -g -O2  -c bibtexin.c -o bibtexin.o
gcc -I"/opt/R/devel/lib/R/include" -DNDEBUG   -I/usr/local/include    -fpic  -g -O2  -c bibtexout.c -o bibtexout.o
gcc -I"/opt/R/devel/lib/R/include" -DNDEBUG   -I/usr/local/include    -fpic  -g -O2  -c bibtextypes.c -o bibtextypes.o
gcc -I"/opt/R/devel/lib/R/include" -DNDEBUG   -I/usr/local/include    -fpic  -g -O2  -c bibutils.c -o bibutils.o
gcc -I"/opt/R/devel/lib/R/include" -DNDEBUG   -I/usr/local/include    -fpic  -g -O2  -c bltypes.c -o bltypes.o
gcc -I"/opt/R/devel/lib/R/include" -DNDEBUG   -I/usr/local/include    -fpic  -g -O2  -c bu_auth.c -o bu_auth.o
gcc -I"/opt/R/devel/lib/R/include" -DNDEBUG   -I/usr/local/include    -fpic  -g -O2  -c charsets.c -o charsets.o
gcc -I"/opt/R/devel/lib/R/include" -DNDEBUG   -I/usr/local/include    -fpic  -g -O2  -c common_be_bed.c -o common_be_bed.o
gcc -I"/opt/R/devel/lib/R/include" -DNDEBUG   -I/usr/local/include    -fpic  -g -O2  -c common_bt_blt_btd_out.c -o common_bt_blt_btd_out.o
gcc -I"/opt/R/devel/lib/R/include" -DNDEBUG   -I/usr/local/include    -fpic  -g -O2  -c common_bt_btd.c -o common_bt_btd.o
gcc -I"/opt/R/devel/lib/R/include" -DNDEBUG   -I/usr/local/include    -fpic  -g -O2  -c common_bt_btd_blt.c -o common_bt_btd_blt.o
gcc -I"/opt/R/devel/lib/R/include" -DNDEBUG   -I/usr/local/include    -fpic  -g -O2  -c common_bt_btd_out.c -o common_bt_btd_out.o
gcc -I"/opt/R/devel/lib/R/include" -DNDEBUG   -I/usr/local/include    -fpic  -g -O2  -c common_most.c -o common_most.o
gcc -I"/opt/R/devel/lib/R/include" -DNDEBUG   -I/usr/local/include    -fpic  -g -O2  -c copacin.c -o copacin.o
gcc -I"/opt/R/devel/lib/R/include" -DNDEBUG   -I/usr/local/include    -fpic  -g -O2  -c copactypes.c -o copactypes.o
gcc -I"/opt/R/devel/lib/R/include" -DNDEBUG   -I/usr/local/include    -fpic  -g -O2  -c ebiin.c -o ebiin.o
gcc -I"/opt/R/devel/lib/R/include" -DNDEBUG   -I/usr/local/include    -fpic  -g -O2  -c endin.c -o endin.o
gcc -I"/opt/R/devel/lib/R/include" -DNDEBUG   -I/usr/local/include    -fpic  -g -O2  -c endout.c -o endout.o
gcc -I"/opt/R/devel/lib/R/include" -DNDEBUG   -I/usr/local/include    -fpic  -g -O2  -c endtypes.c -o endtypes.o
gcc -I"/opt/R/devel/lib/R/include" -DNDEBUG   -I/usr/local/include    -fpic  -g -O2  -c endxmlin.c -o endxmlin.o
gcc -I"/opt/R/devel/lib/R/include" -DNDEBUG   -I/usr/local/include    -fpic  -g -O2  -c entities.c -o entities.o
gcc -I"/opt/R/devel/lib/R/include" -DNDEBUG   -I/usr/local/include    -fpic  -g -O2  -c fields.c -o fields.o
gcc -I"/opt/R/devel/lib/R/include" -DNDEBUG   -I/usr/local/include    -fpic  -g -O2  -c gb18030.c -o gb18030.o
gcc -I"/opt/R/devel/lib/R/include" -DNDEBUG   -I/usr/local/include    -fpic  -g -O2  -c generic.c -o generic.o
gcc -I"/opt/R/devel/lib/R/include" -DNDEBUG   -I/usr/local/include    -fpic  -g -O2  -c init.c -o init.o
gcc -I"/opt/R/devel/lib/R/include" -DNDEBUG   -I/usr/local/include    -fpic  -g -O2  -c intlist.c -o intlist.o
gcc -I"/opt/R/devel/lib/R/include" -DNDEBUG   -I/usr/local/include    -fpic  -g -O2  -c is_ws.c -o is_ws.o
gcc -I"/opt/R/devel/lib/R/include" -DNDEBUG   -I/usr/local/include    -fpic  -g -O2  -c isiin.c -o isiin.o
gcc -I"/opt/R/devel/lib/R/include" -DNDEBUG   -I/usr/local/include    -fpic  -g -O2  -c isiout.c -o isiout.o
gcc -I"/opt/R/devel/lib/R/include" -DNDEBUG   -I/usr/local/include    -fpic  -g -O2  -c isitypes.c -o isitypes.o
gcc -I"/opt/R/devel/lib/R/include" -DNDEBUG   -I/usr/local/include    -fpic  -g -O2  -c iso639_1.c -o iso639_1.o
gcc -I"/opt/R/devel/lib/R/include" -DNDEBUG   -I/usr/local/include    -fpic  -g -O2  -c iso639_2.c -o iso639_2.o
gcc -I"/opt/R/devel/lib/R/include" -DNDEBUG   -I/usr/local/include    -fpic  -g -O2  -c iso639_3.c -o iso639_3.o
gcc -I"/opt/R/devel/lib/R/include" -DNDEBUG   -I/usr/local/include    -fpic  -g -O2  -c latex.c -o latex.o
gcc -I"/opt/R/devel/lib/R/include" -DNDEBUG   -I/usr/local/include    -fpic  -g -O2  -c latex_parse.c -o latex_parse.o
gcc -I"/opt/R/devel/lib/R/include" -DNDEBUG   -I/usr/local/include    -fpic  -g -O2  -c marc_auth.c -o marc_auth.o
gcc -I"/opt/R/devel/lib/R/include" -DNDEBUG   -I/usr/local/include    -fpic  -g -O2  -c medin.c -o medin.o
gcc -I"/opt/R/devel/lib/R/include" -DNDEBUG   -I/usr/local/include    -fpic  -g -O2  -c modsin.c -o modsin.o
gcc -I"/opt/R/devel/lib/R/include" -DNDEBUG   -I/usr/local/include    -fpic  -g -O2  -c modsout.c -o modsout.o
gcc -I"/opt/R/devel/lib/R/include" -DNDEBUG   -I/usr/local/include    -fpic  -g -O2  -c modstypes.c -o modstypes.o
gcc -I"/opt/R/devel/lib/R/include" -DNDEBUG   -I/usr/local/include    -fpic  -g -O2  -c name.c -o name.o
gcc -I"/opt/R/devel/lib/R/include" -DNDEBUG   -I/usr/local/include    -fpic  -g -O2  -c nbibin.c -o nbibin.o
gcc -I"/opt/R/devel/lib/R/include" -DNDEBUG   -I/usr/local/include    -fpic  -g -O2  -c nbibout.c -o nbibout.o
gcc -I"/opt/R/devel/lib/R/include" -DNDEBUG   -I/usr/local/include    -fpic  -g -O2  -c nbibtypes.c -o nbibtypes.o
gcc -I"/opt/R/devel/lib/R/include" -DNDEBUG   -I/usr/local/include    -fpic  -g -O2  -c notes.c -o notes.o
gcc -I"/opt/R/devel/lib/R/include" -DNDEBUG   -I/usr/local/include    -fpic  -g -O2  -c pages.c -o pages.o
gcc -I"/opt/R/devel/lib/R/include" -DNDEBUG   -I/usr/local/include    -fpic  -g -O2  -c reftypes.c -o reftypes.o
gcc -I"/opt/R/devel/lib/R/include" -DNDEBUG   -I/usr/local/include    -fpic  -g -O2  -c risin.c -o risin.o
gcc -I"/opt/R/devel/lib/R/include" -DNDEBUG   -I/usr/local/include    -fpic  -g -O2  -c risout.c -o risout.o
gcc -I"/opt/R/devel/lib/R/include" -DNDEBUG   -I/usr/local/include    -fpic  -g -O2  -c ristypes.c -o ristypes.o
gcc -I"/opt/R/devel/lib/R/include" -DNDEBUG   -I/usr/local/include    -fpic  -g -O2  -c serialno.c -o serialno.o
gcc -I"/opt/R/devel/lib/R/include" -DNDEBUG   -I/usr/local/include    -fpic  -g -O2  -c slist.c -o slist.o
gcc -I"/opt/R/devel/lib/R/include" -DNDEBUG   -I/usr/local/include    -fpic  -g -O2  -c str.c -o str.o
gcc -I"/opt/R/devel/lib/R/include" -DNDEBUG   -I/usr/local/include    -fpic  -g -O2  -c str_conv.c -o str_conv.o
gcc -I"/opt/R/devel/lib/R/include" -DNDEBUG   -I/usr/local/include    -fpic  -g -O2  -c strsearch.c -o strsearch.o
gcc -I"/opt/R/devel/lib/R/include" -DNDEBUG   -I/usr/local/include    -fpic  -g -O2  -c title.c -o title.o
gcc -I"/opt/R/devel/lib/R/include" -DNDEBUG   -I/usr/local/include    -fpic  -g -O2  -c tomods.c -o tomods.o
gcc -I"/opt/R/devel/lib/R/include" -DNDEBUG   -I/usr/local/include    -fpic  -g -O2  -c type.c -o type.o
gcc -I"/opt/R/devel/lib/R/include" -DNDEBUG   -I/usr/local/include    -fpic  -g -O2  -c unicode.c -o unicode.o
gcc -I"/opt/R/devel/lib/R/include" -DNDEBUG   -I/usr/local/include    -fpic  -g -O2  -c url.c -o url.o
gcc -I"/opt/R/devel/lib/R/include" -DNDEBUG   -I/usr/local/include    -fpic  -g -O2  -c utf8.c -o utf8.o
gcc -I"/opt/R/devel/lib/R/include" -DNDEBUG   -I/usr/local/include    -fpic  -g -O2  -c vplist.c -o vplist.o
gcc -I"/opt/R/devel/lib/R/include" -DNDEBUG   -I/usr/local/include    -fpic  -g -O2  -c wordin.c -o wordin.o
gcc -I"/opt/R/devel/lib/R/include" -DNDEBUG   -I/usr/local/include    -fpic  -g -O2  -c wordout.c -o wordout.o
gcc -I"/opt/R/devel/lib/R/include" -DNDEBUG   -I/usr/local/include    -fpic  -g -O2  -c xml.c -o xml.o
gcc -I"/opt/R/devel/lib/R/include" -DNDEBUG   -I/usr/local/include    -fpic  -g -O2  -c xml2any.c -o xml2any.o
gcc -I"/opt/R/devel/lib/R/include" -DNDEBUG   -I/usr/local/include    -fpic  -g -O2  -c xml_encoding.c -o xml_encoding.o
gcc -shared -L/opt/R/devel/lib/R/lib -L/usr/local/lib -o rbibutils.so adsout.o any2xml.o args.o bib2be.o bibcore.o bibentrydirectout.o bibentryout.o bibl.o biblatexin.o biblatexout.o bibprog.o bibtexdirectin.o bibtexin.o bibtexout.o bibtextypes.o bibutils.o bltypes.o bu_auth.o charsets.o common_be_bed.o common_bt_blt_btd_out.o common_bt_btd.o common_bt_btd_blt.o common_bt_btd_out.o common_most.o copacin.o copactypes.o ebiin.o endin.o endout.o endtypes.o endxmlin.o entities.o fields.o gb18030.o generic.o init.o intlist.o is_ws.o isiin.o isiout.o isitypes.o iso639_1.o iso639_2.o iso639_3.o latex.o latex_parse.o marc_auth.o medin.o modsin.o modsout.o modstypes.o name.o nbibin.o nbibout.o nbibtypes.o notes.o pages.o reftypes.o risin.o risout.o ristypes.o serialno.o slist.o str.o str_conv.o strsearch.o title.o tomods.o type.o unicode.o url.o utf8.o vplist.o wordin.o wordout.o xml.o xml2any.o xml_encoding.o -L/opt/R/devel/lib/R/lib -lR
installing to /cache/R_libs/00LOCK-rbibutils/00new/rbibutils/libs
** R
** inst
** byte-compile and prepare package for lazy loading
** help
*** installing help indices
  converting help for package ‘rbibutils’
    finding HTML links ... done
    bibConvert                              html  
    bibentryExtra                           html  
    bibstyle_JSSextra                       html  
    rbibutils-package                       html  
    rbibutils_formats                       html  
    readBib                                 html  
    readBibentry                            html  
** building package indices
** installing vignettes
** testing if installed package can be loaded from temporary location
** checking absolute paths in shared objects and dynamic libraries
** testing if installed package can be loaded from final location
** testing if installed package keeps a record of temporary installation path
* DONE (rbibutils)
Warning: unknown option ‘--no-build-vignettes’
* installing *source* package ‘curl’ ...
** this is package ‘curl’ version ‘8.0.0’
** package ‘curl’ successfully unpacked and MD5 sums checked
** using staged installation
Found pkg-config cflags and libs!
Using PKG_CFLAGS=-DWITH_GZFILEOP
Using PKG_LIBS=-lcurl
** libs
using C compiler: ‘gcc (GCC) 15.2.1 20260123 (Red Hat 15.2.1-7)’
gcc -I"/opt/R/devel/lib/R/include" -DNDEBUG -DWITH_GZFILEOP -DSTRICT_R_HEADERS -DR_NO_REMAP  -I/usr/local/include   -fvisibility=hidden -fpic  -g -O2  -c callbacks.c -o callbacks.o
gcc -I"/opt/R/devel/lib/R/include" -DNDEBUG -DWITH_GZFILEOP -DSTRICT_R_HEADERS -DR_NO_REMAP  -I/usr/local/include   -fvisibility=hidden -fpic  -g -O2  -c curl.c -o curl.o
gcc -I"/opt/R/devel/lib/R/include" -DNDEBUG -DWITH_GZFILEOP -DSTRICT_R_HEADERS -DR_NO_REMAP  -I/usr/local/include   -fvisibility=hidden -fpic  -g -O2  -c download.c -o download.o
gcc -I"/opt/R/devel/lib/R/include" -DNDEBUG -DWITH_GZFILEOP -DSTRICT_R_HEADERS -DR_NO_REMAP  -I/usr/local/include   -fvisibility=hidden -fpic  -g -O2  -c dryrun.c -o dryrun.o
gcc -I"/opt/R/devel/lib/R/include" -DNDEBUG -DWITH_GZFILEOP -DSTRICT_R_HEADERS -DR_NO_REMAP  -I/usr/local/include   -fvisibility=hidden -fpic  -g -O2  -c escape.c -o escape.o
gcc -I"/opt/R/devel/lib/R/include" -DNDEBUG -DWITH_GZFILEOP -DSTRICT_R_HEADERS -DR_NO_REMAP  -I/usr/local/include   -fvisibility=hidden -fpic  -g -O2  -c fetch.c -o fetch.o
gcc -I"/opt/R/devel/lib/R/include" -DNDEBUG -DWITH_GZFILEOP -DSTRICT_R_HEADERS -DR_NO_REMAP  -I/usr/local/include   -fvisibility=hidden -fpic  -g -O2  -c findport.c -o findport.o
gcc -I"/opt/R/devel/lib/R/include" -DNDEBUG -DWITH_GZFILEOP -DSTRICT_R_HEADERS -DR_NO_REMAP  -I/usr/local/include   -fvisibility=hidden -fpic  -g -O2  -c form.c -o form.o
gcc -I"/opt/R/devel/lib/R/include" -DNDEBUG -DWITH_GZFILEOP -DSTRICT_R_HEADERS -DR_NO_REMAP  -I/usr/local/include   -fvisibility=hidden -fpic  -g -O2  -c getdate.c -o getdate.o
gcc -I"/opt/R/devel/lib/R/include" -DNDEBUG -DWITH_GZFILEOP -DSTRICT_R_HEADERS -DR_NO_REMAP  -I/usr/local/include   -fvisibility=hidden -fpic  -g -O2  -c handle.c -o handle.o
gcc -I"/opt/R/devel/lib/R/include" -DNDEBUG -DWITH_GZFILEOP -DSTRICT_R_HEADERS -DR_NO_REMAP  -I/usr/local/include   -fvisibility=hidden -fpic  -g -O2  -c ieproxy.c -o ieproxy.o
gcc -I"/opt/R/devel/lib/R/include" -DNDEBUG -DWITH_GZFILEOP -DSTRICT_R_HEADERS -DR_NO_REMAP  -I/usr/local/include   -fvisibility=hidden -fpic  -g -O2  -c init.c -o init.o
gcc -I"/opt/R/devel/lib/R/include" -DNDEBUG -DWITH_GZFILEOP -DSTRICT_R_HEADERS -DR_NO_REMAP  -I/usr/local/include   -fvisibility=hidden -fpic  -g -O2  -c interrupt.c -o interrupt.o
gcc -I"/opt/R/devel/lib/R/include" -DNDEBUG -DWITH_GZFILEOP -DSTRICT_R_HEADERS -DR_NO_REMAP  -I/usr/local/include   -fvisibility=hidden -fpic  -g -O2  -c multi.c -o multi.o
gcc -I"/opt/R/devel/lib/R/include" -DNDEBUG -DWITH_GZFILEOP -DSTRICT_R_HEADERS -DR_NO_REMAP  -I/usr/local/include   -fvisibility=hidden -fpic  -g -O2  -c nslookup.c -o nslookup.o
gcc -I"/opt/R/devel/lib/R/include" -DNDEBUG -DWITH_GZFILEOP -DSTRICT_R_HEADERS -DR_NO_REMAP  -I/usr/local/include   -fvisibility=hidden -fpic  -g -O2  -c options.c -o options.o
gcc -I"/opt/R/devel/lib/R/include" -DNDEBUG -DWITH_GZFILEOP -DSTRICT_R_HEADERS -DR_NO_REMAP  -I/usr/local/include   -fvisibility=hidden -fpic  -g -O2  -c reflist.c -o reflist.o
gcc -I"/opt/R/devel/lib/R/include" -DNDEBUG -DWITH_GZFILEOP -DSTRICT_R_HEADERS -DR_NO_REMAP  -I/usr/local/include   -fvisibility=hidden -fpic  -g -O2  -c split.c -o split.o
gcc -I"/opt/R/devel/lib/R/include" -DNDEBUG -DWITH_GZFILEOP -DSTRICT_R_HEADERS -DR_NO_REMAP  -I/usr/local/include   -fvisibility=hidden -fpic  -g -O2  -c ssl.c -o ssl.o
gcc -I"/opt/R/devel/lib/R/include" -DNDEBUG -DWITH_GZFILEOP -DSTRICT_R_HEADERS -DR_NO_REMAP  -I/usr/local/include   -fvisibility=hidden -fpic  -g -O2  -c typechecking.c -o typechecking.o
gcc -I"/opt/R/devel/lib/R/include" -DNDEBUG -DWITH_GZFILEOP -DSTRICT_R_HEADERS -DR_NO_REMAP  -I/usr/local/include   -fvisibility=hidden -fpic  -g -O2  -c urlparser.c -o urlparser.o
gcc -I"/opt/R/devel/lib/R/include" -DNDEBUG -DWITH_GZFILEOP -DSTRICT_R_HEADERS -DR_NO_REMAP  -I/usr/local/include   -fvisibility=hidden -fpic  -g -O2  -c utils.c -o utils.o
gcc -I"/opt/R/devel/lib/R/include" -DNDEBUG -DWITH_GZFILEOP -DSTRICT_R_HEADERS -DR_NO_REMAP  -I/usr/local/include   -fvisibility=hidden -fpic  -g -O2  -c version.c -o version.o
gcc -I"/opt/R/devel/lib/R/include" -DNDEBUG -DWITH_GZFILEOP -DSTRICT_R_HEADERS -DR_NO_REMAP  -I/usr/local/include   -fvisibility=hidden -fpic  -g -O2  -c winidn.c -o winidn.o
gcc -I"/opt/R/devel/lib/R/include" -DNDEBUG -DWITH_GZFILEOP -DSTRICT_R_HEADERS -DR_NO_REMAP  -I/usr/local/include   -fvisibility=hidden -fpic  -g -O2  -c writer.c -o writer.o
gcc -shared -L/opt/R/devel/lib/R/lib -L/usr/local/lib -o curl.so callbacks.o curl.o download.o dryrun.o escape.o fetch.o findport.o form.o getdate.o handle.o ieproxy.o init.o interrupt.o multi.o nslookup.o options.o reflist.o split.o ssl.o typechecking.o urlparser.o utils.o version.o winidn.o writer.o -lcurl -L/opt/R/devel/lib/R/lib -lR
installing to /cache/R_libs/00LOCK-curl/00new/curl/libs
** R
** inst
** byte-compile and prepare package for lazy loading
** help
*** installing help indices
  converting help for package ‘curl’
    finding HTML links ... done
    curl                                    html  
    curl_download                           html  
    curl_echo                               html  
    curl_escape                             html  
    curl_fetch                              html  
    curl_options                            html  
    curl_parse_url                          html  
    curl_upload                             html  
    file_writer                             html  
    handle                                  html  
    handle_cookies                          html  
    ie_proxy                                html  
    multi                                   html  
    multi_download                          html  
    multipart                               html  
    nslookup                                html  
    parse_date                              html  
    parse_headers                           html  
    send_mail                               html  
** building package indices
** installing vignettes
** testing if installed package can be loaded from temporary location
** checking absolute paths in shared objects and dynamic libraries
** testing if installed package can be loaded from final location
** testing if installed package keeps a record of temporary installation path
* DONE (curl)
Warning: unknown option ‘--no-build-vignettes’
* installing *source* package ‘jsonlite’ ...
** this is package ‘jsonlite’ version ‘2.0.0’
** package ‘jsonlite’ successfully unpacked and MD5 sums checked
** using staged installation
** libs
using C compiler: ‘gcc (GCC) 15.2.1 20260123 (Red Hat 15.2.1-7)’
gcc -I"/opt/R/devel/lib/R/include" -DNDEBUG -Iyajl/api  -I/usr/local/include   -fvisibility=hidden  -fpic  -g -O2  -c base64.c -o base64.o
gcc -I"/opt/R/devel/lib/R/include" -DNDEBUG -Iyajl/api  -I/usr/local/include   -fvisibility=hidden  -fpic  -g -O2  -c collapse_array.c -o collapse_array.o
gcc -I"/opt/R/devel/lib/R/include" -DNDEBUG -Iyajl/api  -I/usr/local/include   -fvisibility=hidden  -fpic  -g -O2  -c collapse_object.c -o collapse_object.o
gcc -I"/opt/R/devel/lib/R/include" -DNDEBUG -Iyajl/api  -I/usr/local/include   -fvisibility=hidden  -fpic  -g -O2  -c collapse_pretty.c -o collapse_pretty.o
gcc -I"/opt/R/devel/lib/R/include" -DNDEBUG -Iyajl/api  -I/usr/local/include   -fvisibility=hidden  -fpic  -g -O2  -c escape_chars.c -o escape_chars.o
gcc -I"/opt/R/devel/lib/R/include" -DNDEBUG -Iyajl/api  -I/usr/local/include   -fvisibility=hidden  -fpic  -g -O2  -c integer64_to_na.c -o integer64_to_na.o
gcc -I"/opt/R/devel/lib/R/include" -DNDEBUG -Iyajl/api  -I/usr/local/include   -fvisibility=hidden  -fpic  -g -O2  -c is_datelist.c -o is_datelist.o
gcc -I"/opt/R/devel/lib/R/include" -DNDEBUG -Iyajl/api  -I/usr/local/include   -fvisibility=hidden  -fpic  -g -O2  -c is_recordlist.c -o is_recordlist.o
gcc -I"/opt/R/devel/lib/R/include" -DNDEBUG -Iyajl/api  -I/usr/local/include   -fvisibility=hidden  -fpic  -g -O2  -c is_scalarlist.c -o is_scalarlist.o
gcc -I"/opt/R/devel/lib/R/include" -DNDEBUG -Iyajl/api  -I/usr/local/include   -fvisibility=hidden  -fpic  -g -O2  -c modp_numtoa.c -o modp_numtoa.o
gcc -I"/opt/R/devel/lib/R/include" -DNDEBUG -Iyajl/api  -I/usr/local/include   -fvisibility=hidden  -fpic  -g -O2  -c null_to_na.c -o null_to_na.o
gcc -I"/opt/R/devel/lib/R/include" -DNDEBUG -Iyajl/api  -I/usr/local/include   -fvisibility=hidden  -fpic  -g -O2  -c num_to_char.c -o num_to_char.o
gcc -I"/opt/R/devel/lib/R/include" -DNDEBUG -Iyajl/api  -I/usr/local/include   -fvisibility=hidden  -fpic  -g -O2  -c parse.c -o parse.o
gcc -I"/opt/R/devel/lib/R/include" -DNDEBUG -Iyajl/api  -I/usr/local/include   -fvisibility=hidden  -fpic  -g -O2  -c prettify.c -o prettify.o
gcc -I"/opt/R/devel/lib/R/include" -DNDEBUG -Iyajl/api  -I/usr/local/include   -fvisibility=hidden  -fpic  -g -O2  -c push_parser.c -o push_parser.o
gcc -I"/opt/R/devel/lib/R/include" -DNDEBUG -Iyajl/api  -I/usr/local/include   -fvisibility=hidden  -fpic  -g -O2  -c r-base64.c -o r-base64.o
gcc -I"/opt/R/devel/lib/R/include" -DNDEBUG -Iyajl/api  -I/usr/local/include   -fvisibility=hidden  -fpic  -g -O2  -c register.c -o register.o
gcc -I"/opt/R/devel/lib/R/include" -DNDEBUG -Iyajl/api  -I/usr/local/include   -fvisibility=hidden  -fpic  -g -O2  -c row_collapse.c -o row_collapse.o
gcc -I"/opt/R/devel/lib/R/include" -DNDEBUG -Iyajl/api  -I/usr/local/include   -fvisibility=hidden  -fpic  -g -O2  -c transpose_list.c -o transpose_list.o
gcc -I"/opt/R/devel/lib/R/include" -DNDEBUG -Iyajl/api  -I/usr/local/include   -fvisibility=hidden  -fpic  -g -O2  -c validate.c -o validate.o
gcc -I"/opt/R/devel/lib/R/include" -DNDEBUG -Iyajl/api  -I/usr/local/include   -fvisibility=hidden  -fpic  -g -O2  -c yajl/yajl.c -o yajl/yajl.o
gcc -I"/opt/R/devel/lib/R/include" -DNDEBUG -Iyajl/api  -I/usr/local/include   -fvisibility=hidden  -fpic  -g -O2  -c yajl/yajl_alloc.c -o yajl/yajl_alloc.o
gcc -I"/opt/R/devel/lib/R/include" -DNDEBUG -Iyajl/api  -I/usr/local/include   -fvisibility=hidden  -fpic  -g -O2  -c yajl/yajl_buf.c -o yajl/yajl_buf.o
gcc -I"/opt/R/devel/lib/R/include" -DNDEBUG -Iyajl/api  -I/usr/local/include   -fvisibility=hidden  -fpic  -g -O2  -c yajl/yajl_encode.c -o yajl/yajl_encode.o
gcc -I"/opt/R/devel/lib/R/include" -DNDEBUG -Iyajl/api  -I/usr/local/include   -fvisibility=hidden  -fpic  -g -O2  -c yajl/yajl_gen.c -o yajl/yajl_gen.o
gcc -I"/opt/R/devel/lib/R/include" -DNDEBUG -Iyajl/api  -I/usr/local/include   -fvisibility=hidden  -fpic  -g -O2  -c yajl/yajl_lex.c -o yajl/yajl_lex.o
gcc -I"/opt/R/devel/lib/R/include" -DNDEBUG -Iyajl/api  -I/usr/local/include   -fvisibility=hidden  -fpic  -g -O2  -c yajl/yajl_parser.c -o yajl/yajl_parser.o
gcc -I"/opt/R/devel/lib/R/include" -DNDEBUG -Iyajl/api  -I/usr/local/include   -fvisibility=hidden  -fpic  -g -O2  -c yajl/yajl_tree.c -o yajl/yajl_tree.o
ar rcs yajl/libstatyajl.a yajl/yajl.o yajl/yajl_alloc.o yajl/yajl_buf.o yajl/yajl_encode.o yajl/yajl_gen.o yajl/yajl_lex.o yajl/yajl_parser.o yajl/yajl_tree.o
gcc -shared -L/opt/R/devel/lib/R/lib -L/usr/local/lib -o jsonlite.so base64.o collapse_array.o collapse_object.o collapse_pretty.o escape_chars.o integer64_to_na.o is_datelist.o is_recordlist.o is_scalarlist.o modp_numtoa.o null_to_na.o num_to_char.o parse.o prettify.o push_parser.o r-base64.o register.o row_collapse.o transpose_list.o validate.o -Lyajl -lstatyajl -L/opt/R/devel/lib/R/lib -lR
installing to /cache/R_libs/00LOCK-jsonlite/00new/jsonlite/libs
** R
** inst
** byte-compile and prepare package for lazy loading
in method for ‘asJSON’ with signature ‘"AsIs"’: no definition for class “AsIs”
in method for ‘asJSON’ with signature ‘"ITime"’: no definition for class “ITime”
in method for ‘asJSON’ with signature ‘"hms"’: no definition for class “hms”
in method for ‘asJSON’ with signature ‘"json"’: no definition for class “json”
in method for ‘asJSON’ with signature ‘"integer64"’: no definition for class “integer64”
in method for ‘asJSON’ with signature ‘"pairlist"’: no definition for class “pairlist”
in method for ‘asJSON’ with signature ‘"blob"’: no definition for class “blob”
in method for ‘asJSON’ with signature ‘"scalar"’: no definition for class “scalar”
in method for ‘asJSON’ with signature ‘"sf"’: no definition for class “sf”
in method for ‘asJSON’ with signature ‘"sfc"’: no definition for class “sfc”
in method for ‘asJSON’ with signature ‘"vctrs_vctr"’: no definition for class “vctrs_vctr”
** help
*** installing help indices
  converting help for package ‘jsonlite’
    finding HTML links ... done
    base64                                  html  
    flatten                                 html  
    fromJSON                                html  
    gzjson                                  html  
    prettify                                html  
    rbind_pages                             html  
    read_json                               html  
    serializeJSON                           html  
    stream_in                               html  
    unbox                                   html  
    validate                                html  
** building package indices
** installing vignettes
** testing if installed package can be loaded from temporary location
** checking absolute paths in shared objects and dynamic libraries
** testing if installed package can be loaded from final location
** testing if installed package keeps a record of temporary installation path
* DONE (jsonlite)
Warning: unknown option ‘--no-build-vignettes’
* installing *source* package ‘processx’ ...
** this is package ‘processx’ version ‘3.9.0’
** package ‘processx’ successfully unpacked and MD5 sums checked
** using staged installation
** libs
using C compiler: ‘gcc (GCC) 15.2.1 20260123 (Red Hat 15.2.1-7)’
gcc -g -O2  -L/usr/local/lib -Wall tools/px.c -o tools/px
gcc -g -O2  -L/usr/local/lib -I../inst/include -Wall tools/sock.c -o tools/sock
gcc -g -O2  -L/usr/local/lib supervisor/supervisor.c \
      supervisor/utils.c -o supervisor/supervisor
gcc -I"/opt/R/devel/lib/R/include" -DNDEBUG   -I/usr/local/include    -fpic  -g -O2  -c base64.c -o base64.o
gcc -I"/opt/R/devel/lib/R/include" -DNDEBUG   -I/usr/local/include    -fpic  -g -O2  -c client.c -o client.o
gcc -I"/opt/R/devel/lib/R/include" -DNDEBUG   -I/usr/local/include    -fpic  -g -O2  -c errors.c -o errors.o
gcc -shared -L"/opt/R/devel/lib/R/lib" -L/usr/local/lib -o client.so base64.o client.o errors.o  \
	 -L"/opt/R/devel/lib/R/lib" -lR
gcc -I"/opt/R/devel/lib/R/include" -DNDEBUG   -I/usr/local/include    -fpic  -g -O2  -c init.c -o init.o
gcc -I"/opt/R/devel/lib/R/include" -DNDEBUG   -I/usr/local/include    -fpic  -g -O2  -c poll.c -o poll.o
gcc -I"/opt/R/devel/lib/R/include" -DNDEBUG   -I/usr/local/include    -fpic  -g -O2  -c processx-connection.c -o processx-connection.o
gcc -I"/opt/R/devel/lib/R/include" -DNDEBUG   -I/usr/local/include    -fpic  -g -O2  -c processx-vector.c -o processx-vector.o
gcc -I"/opt/R/devel/lib/R/include" -DNDEBUG   -I/usr/local/include    -fpic  -g -O2  -c create-time.c -o create-time.o
gcc -I"/opt/R/devel/lib/R/include" -DNDEBUG   -I/usr/local/include    -fpic  -g -O2  -c unix/childlist.c -o unix/childlist.o
gcc -I"/opt/R/devel/lib/R/include" -DNDEBUG   -I/usr/local/include    -fpic  -g -O2  -c unix/connection.c -o unix/connection.o
gcc -I"/opt/R/devel/lib/R/include" -DNDEBUG   -I/usr/local/include    -fpic  -g -O2  -c unix/processx.c -o unix/processx.o
gcc -I"/opt/R/devel/lib/R/include" -DNDEBUG   -I/usr/local/include    -fpic  -g -O2  -c unix/sigchld.c -o unix/sigchld.o
gcc -I"/opt/R/devel/lib/R/include" -DNDEBUG   -I/usr/local/include    -fpic  -g -O2  -c unix/utils.c -o unix/utils.o
gcc -I"/opt/R/devel/lib/R/include" -DNDEBUG   -I/usr/local/include    -fpic  -g -O2  -c unix/named_pipe.c -o unix/named_pipe.o
gcc -I"/opt/R/devel/lib/R/include" -DNDEBUG   -I/usr/local/include    -fpic  -g -O2  -c cleancall.c -o cleancall.o
gcc -shared -L/opt/R/devel/lib/R/lib -L/usr/local/lib -o processx.so init.o poll.o errors.o processx-connection.o processx-vector.o create-time.o base64.o unix/childlist.o unix/connection.o unix/processx.o unix/sigchld.o unix/utils.o unix/named_pipe.o cleancall.o -L/opt/R/devel/lib/R/lib -lR
installing via 'install.libs.R' to /cache/R_libs/00LOCK-processx/00new/processx
** R
** inst
** byte-compile and prepare package for lazy loading
** help
*** installing help indices
    finding HTML links ...  converting help for package ‘processx’
 done
    base64_decode                           html  
    curl_fds                                html  
    default_pty_options                     html  
    pipeline                                html  
    poll                                    html  
    process                                 html  
    process_initialize                      html  
    processx-package                        html  
    processx_connections                    html  
    processx_fifos                          html  
    processx_sockets                        html  
    run                                     html  
    supervisor_kill                         html  
*** copying figures
** building package indices
** testing if installed package can be loaded from temporary location
** checking absolute paths in shared objects and dynamic libraries
** testing if installed package can be loaded from final location
** testing if installed package keeps a record of temporary installation path
* DONE (processx)
Warning: unknown option ‘--no-build-vignettes’
* installing *source* package ‘litedown’ ...
** this is package ‘litedown’ version ‘0.11’
** package ‘litedown’ successfully unpacked and MD5 sums checked
** using staged installation
** R
** inst
** byte-compile and prepare package for lazy loading
** help
*** installing help indices
  converting help for package ‘litedown’
    finding HTML links ... done
    crack                                   html  
    engines                                 html  
    fuse_book                               html  
    fuse_env                                html  
    fuse_exit                               html  
    fuse_site                               html  
    get_context                             html  
    html_format                             html  
    litedown-package                        html  
    mark                                    html  
    markdown_options                        html  
    pkg_desc                                html  
    raw_text                                html  
    reactor                                 html  
    roam                                    html  
    smartypants                             html  
    timing_data                             html  
    vest                                    html  
** building package indices
** installing vignettes
** testing if installed package can be loaded from temporary location
** testing if installed package can be loaded from final location
** testing if installed package keeps a record of temporary installation path
* DONE (litedown)
Warning: unknown option ‘--no-build-vignettes’
* installing *source* package ‘later2’ ...
** this is package ‘later2’ version ‘0.1’
** package ‘later2’ successfully unpacked and MD5 sums checked
** using staged installation
Running configure script
-latomic linker flag not needed.
** libs
using C compiler: ‘gcc (GCC) 15.2.1 20260123 (Red Hat 15.2.1-7)’
using C++ compiler: ‘g++ (GCC) 15.2.1 20260123 (Red Hat 15.2.1-7)’
g++ -std=gnu++20 -I"/opt/R/devel/lib/R/include" -DNDEBUG -pthread -DSTRICT_R_HEADERS  -I'/cache/R_libs/cpp4r/include' -I/usr/local/include    -fpic  -g -O2   -c callback_registry.cpp -o callback_registry.o
g++ -std=gnu++20 -I"/opt/R/devel/lib/R/include" -DNDEBUG -pthread -DSTRICT_R_HEADERS  -I'/cache/R_libs/cpp4r/include' -I/usr/local/include    -fpic  -g -O2   -c cpp4r.cpp -o cpp4r.o
g++ -std=gnu++20 -I"/opt/R/devel/lib/R/include" -DNDEBUG -pthread -DSTRICT_R_HEADERS  -I'/cache/R_libs/cpp4r/include' -I/usr/local/include    -fpic  -g -O2   -c debug.cpp -o debug.o
g++ -std=gnu++20 -I"/opt/R/devel/lib/R/include" -DNDEBUG -pthread -DSTRICT_R_HEADERS  -I'/cache/R_libs/cpp4r/include' -I/usr/local/include    -fpic  -g -O2   -c fd.cpp -o fd.o
g++ -std=gnu++20 -I"/opt/R/devel/lib/R/include" -DNDEBUG -pthread -DSTRICT_R_HEADERS  -I'/cache/R_libs/cpp4r/include' -I/usr/local/include    -fpic  -g -O2   -c later2.cpp -o later2.o
g++ -std=gnu++20 -I"/opt/R/devel/lib/R/include" -DNDEBUG -pthread -DSTRICT_R_HEADERS  -I'/cache/R_libs/cpp4r/include' -I/usr/local/include    -fpic  -g -O2   -c later_posix.cpp -o later_posix.o
g++ -std=gnu++20 -I"/opt/R/devel/lib/R/include" -DNDEBUG -pthread -DSTRICT_R_HEADERS  -I'/cache/R_libs/cpp4r/include' -I/usr/local/include    -fpic  -g -O2   -c later_win32.cpp -o later_win32.o
g++ -std=gnu++20 -I"/opt/R/devel/lib/R/include" -DNDEBUG -pthread -DSTRICT_R_HEADERS  -I'/cache/R_libs/cpp4r/include' -I/usr/local/include    -fpic  -g -O2   -c timer_posix.cpp -o timer_posix.o
g++ -std=gnu++20 -I"/opt/R/devel/lib/R/include" -DNDEBUG -pthread -DSTRICT_R_HEADERS  -I'/cache/R_libs/cpp4r/include' -I/usr/local/include    -fpic  -g -O2   -c timestamp_unix.cpp -o timestamp_unix.o
g++ -std=gnu++20 -I"/opt/R/devel/lib/R/include" -DNDEBUG -pthread -DSTRICT_R_HEADERS  -I'/cache/R_libs/cpp4r/include' -I/usr/local/include    -fpic  -g -O2   -c timestamp_win32.cpp -o timestamp_win32.o
gcc -I"/opt/R/devel/lib/R/include" -DNDEBUG -pthread -DSTRICT_R_HEADERS  -I'/cache/R_libs/cpp4r/include' -I/usr/local/include    -fpic  -g -O2  -c tinycthread.c -o tinycthread.o
g++ -std=gnu++20 -I"/opt/R/devel/lib/R/include" -DNDEBUG -pthread -DSTRICT_R_HEADERS  -I'/cache/R_libs/cpp4r/include' -I/usr/local/include    -fpic  -g -O2   -c wref.cpp -o wref.o
g++ -std=gnu++20 -shared -L/opt/R/devel/lib/R/lib -L/usr/local/lib -o later2.so callback_registry.o cpp4r.o debug.o fd.o later2.o later_posix.o later_win32.o timer_posix.o timestamp_unix.o timestamp_win32.o tinycthread.o wref.o -pthread -L/opt/R/devel/lib/R/lib -lR
installing to /cache/R_libs/00LOCK-later2/00new/later2/libs
** R
** inst
** byte-compile and prepare package for lazy loading
** help
*** installing help indices
  converting help for package ‘later2’
    finding HTML links ... done
    create_loop                             html  
    format.event_loop                       html  
    format.promise                          html  
    is.promise                              html  
    later                                   html  
    later2-package                          html  
    later_fd                                html  
    list_queue                              html  
    logLevel                                html  
    loop_empty                              html  
    next_op_secs                            html  
    print.event_loop                        html  
    print.promise                           html  
    promise                                 html  
    run_now                                 html  
    then                                    html  
** building package indices
** installing vignettes
** testing if installed package can be loaded from temporary location
** checking absolute paths in shared objects and dynamic libraries
** testing if installed package can be loaded from final location
** testing if installed package keeps a record of temporary installation path
* DONE (later2)
Warning: unknown option ‘--no-build-vignettes’
* installing *source* package ‘callr’ ...
** this is package ‘callr’ version ‘3.8.0’
** package ‘callr’ successfully unpacked and MD5 sums checked
** using staged installation
** R
** inst
** byte-compile and prepare package for lazy loading
** help
*** installing help indices
  converting help for package ‘callr’
    finding HTML links ... done
    add_hook                                html  
    callr-package                           html  
    convert_and_check_my_args               html  
    default_repos                           html  
    get_result                              html  
    new_callr_crash_error                   html  
    r                                       html  
    r_bg                                    html  
    r_copycat                               html  
    r_process                               html  
    r_process_options                       html  
    r_session                               html  
    r_session_debug                         html  
    r_session_options                       html  
    r_vanilla                               html  
    rcmd                                    html  
    rcmd_bg                                 html  
    rcmd_copycat                            html  
    rcmd_process                            html  
    rcmd_process_options                    html  
    rcmd_safe_env                           html  
    reexports                               html  
    rscript                                 html  
    rscript_process                         html  
    rscript_process_options                 html  
    supported_archs                         html  
*** copying figures
** building package indices
** testing if installed package can be loaded from temporary location
** testing if installed package can be loaded from final location
** testing if installed package keeps a record of temporary installation path
* DONE (callr)

The downloaded source packages are in
	‘/tmp/RtmpcV8whv/downloaded_packages’
* installing *source* package ‘cpp4r’ ...
** this is package ‘cpp4r’ version ‘1.3.0’
** using staged installation
** R
** inst
** byte-compile and prepare package for lazy loading
** help
*** installing help indices
  converting help for package ‘cpp4r’
    finding HTML links ... done
    cpp4r-package                           html  
    pkg_template                            html  
    register                                html  
    unvendor                                html  
    vendor                                  html  
*** copying figures
** building package indices
** installing vignettes
** testing if installed package can be loaded from temporary location
** testing if installed package can be loaded from final location
** testing if installed package keeps a record of temporary installation path
* DONE (cpp4r)
* installing *source* package ‘later2’ ...
** this is package ‘later2’ version ‘0.1’
** using staged installation
Running configure script
-latomic linker flag not needed.
** libs
using C compiler: ‘gcc (GCC) 15.2.1 20260123 (Red Hat 15.2.1-7)’
using C++ compiler: ‘g++ (GCC) 15.2.1 20260123 (Red Hat 15.2.1-7)’
g++ -std=gnu++20 -I"/opt/R/devel/lib/R/include" -DNDEBUG -pthread -DSTRICT_R_HEADERS  -I'/cache/R_libs/cpp4r/include' -I/usr/local/include    -fpic  -g -O2   -c callback_registry.cpp -o callback_registry.o
g++ -std=gnu++20 -I"/opt/R/devel/lib/R/include" -DNDEBUG -pthread -DSTRICT_R_HEADERS  -I'/cache/R_libs/cpp4r/include' -I/usr/local/include    -fpic  -g -O2   -c cpp4r.cpp -o cpp4r.o
g++ -std=gnu++20 -I"/opt/R/devel/lib/R/include" -DNDEBUG -pthread -DSTRICT_R_HEADERS  -I'/cache/R_libs/cpp4r/include' -I/usr/local/include    -fpic  -g -O2   -c debug.cpp -o debug.o
g++ -std=gnu++20 -I"/opt/R/devel/lib/R/include" -DNDEBUG -pthread -DSTRICT_R_HEADERS  -I'/cache/R_libs/cpp4r/include' -I/usr/local/include    -fpic  -g -O2   -c fd.cpp -o fd.o
g++ -std=gnu++20 -I"/opt/R/devel/lib/R/include" -DNDEBUG -pthread -DSTRICT_R_HEADERS  -I'/cache/R_libs/cpp4r/include' -I/usr/local/include    -fpic  -g -O2   -c later2.cpp -o later2.o
g++ -std=gnu++20 -I"/opt/R/devel/lib/R/include" -DNDEBUG -pthread -DSTRICT_R_HEADERS  -I'/cache/R_libs/cpp4r/include' -I/usr/local/include    -fpic  -g -O2   -c later_posix.cpp -o later_posix.o
g++ -std=gnu++20 -I"/opt/R/devel/lib/R/include" -DNDEBUG -pthread -DSTRICT_R_HEADERS  -I'/cache/R_libs/cpp4r/include' -I/usr/local/include    -fpic  -g -O2   -c later_win32.cpp -o later_win32.o
g++ -std=gnu++20 -I"/opt/R/devel/lib/R/include" -DNDEBUG -pthread -DSTRICT_R_HEADERS  -I'/cache/R_libs/cpp4r/include' -I/usr/local/include    -fpic  -g -O2   -c timer_posix.cpp -o timer_posix.o
g++ -std=gnu++20 -I"/opt/R/devel/lib/R/include" -DNDEBUG -pthread -DSTRICT_R_HEADERS  -I'/cache/R_libs/cpp4r/include' -I/usr/local/include    -fpic  -g -O2   -c timestamp_unix.cpp -o timestamp_unix.o
g++ -std=gnu++20 -I"/opt/R/devel/lib/R/include" -DNDEBUG -pthread -DSTRICT_R_HEADERS  -I'/cache/R_libs/cpp4r/include' -I/usr/local/include    -fpic  -g -O2   -c timestamp_win32.cpp -o timestamp_win32.o
gcc -I"/opt/R/devel/lib/R/include" -DNDEBUG -pthread -DSTRICT_R_HEADERS  -I'/cache/R_libs/cpp4r/include' -I/usr/local/include    -fpic  -g -O2  -c tinycthread.c -o tinycthread.o
g++ -std=gnu++20 -I"/opt/R/devel/lib/R/include" -DNDEBUG -pthread -DSTRICT_R_HEADERS  -I'/cache/R_libs/cpp4r/include' -I/usr/local/include    -fpic  -g -O2   -c wref.cpp -o wref.o
g++ -std=gnu++20 -shared -L/opt/R/devel/lib/R/lib -L/usr/local/lib -o later2.so callback_registry.o cpp4r.o debug.o fd.o later2.o later_posix.o later_win32.o timer_posix.o timestamp_unix.o timestamp_win32.o tinycthread.o wref.o -pthread -L/opt/R/devel/lib/R/lib -lR
installing to /cache/R_libs/00LOCK-later2/00new/later2/libs
** R
** inst
** byte-compile and prepare package for lazy loading
** help
*** installing help indices
  converting help for package ‘later2’
    finding HTML links ... done
    create_loop                             html  
    format.event_loop                       html  
    format.promise                          html  
    is.promise                              html  
    later                                   html  
    later2-package                          html  
    later_fd                                html  
    list_queue                              html  
    logLevel                                html  
    loop_empty                              html  
    next_op_secs                            html  
    print.event_loop                        html  
    print.promise                           html  
    promise                                 html  
    run_now                                 html  
    then                                    html  
** building package indices
** installing vignettes
** testing if installed package can be loaded from temporary location
** checking absolute paths in shared objects and dynamic libraries
** testing if installed package can be loaded from final location
** testing if installed package keeps a record of temporary installation path
* DONE (later2)
* installing *source* package ‘httpserver’ ...
** this is package ‘httpserver’ version ‘0.1’
** using staged installation
** Using libuv found by pkg-config in /usr
** PKG_CFLAGS=
** PKG_LIBS=-luv -lpthread -ldl -lrt -lm
** libs
using C++ compiler: ‘g++ (GCC) 15.2.1 20260123 (Red Hat 15.2.1-7)’
g++ -std=gnu++20 -I"/opt/R/devel/lib/R/include" -DNDEBUG -pthread -I'/cache/R_libs/cpp4r/include' -I'/cache/R_libs/later2/include' -I/usr/local/include   -fvisibility=hidden -DSTRICT_R_HEADERS -fpic  -g -O2   -c cpp4r.cpp -o cpp4r.o
g++ -std=gnu++20 -I"/opt/R/devel/lib/R/include" -DNDEBUG -pthread -I'/cache/R_libs/cpp4r/include' -I'/cache/R_libs/later2/include' -I/usr/local/include   -fvisibility=hidden -DSTRICT_R_HEADERS -fpic  -g -O2   -c httpserver.cpp -o httpserver.o
gcc -I"/opt/R/devel/lib/R/include" -DNDEBUG -pthread -I'/cache/R_libs/cpp4r/include' -I'/cache/R_libs/later2/include' -I/usr/local/include   -fvisibility=hidden -DSTRICT_R_HEADERS -fpic  -g -O2  -c http-parser/http_parser.c -o http-parser/http_parser.o
gcc -I"/opt/R/devel/lib/R/include" -DNDEBUG -pthread -I'/cache/R_libs/cpp4r/include' -I'/cache/R_libs/later2/include' -I/usr/local/include   -fvisibility=hidden -DSTRICT_R_HEADERS -fpic  -g -O2  -c sha1/sha1.c -o sha1/sha1.o
gcc -I"/opt/R/devel/lib/R/include" -DNDEBUG -pthread -I'/cache/R_libs/cpp4r/include' -I'/cache/R_libs/later2/include' -I/usr/local/include   -fvisibility=hidden -DSTRICT_R_HEADERS -fpic  -g -O2  -c md5/md5.c -o md5/md5.o
g++ -std=gnu++20 -shared -L/opt/R/devel/lib/R/lib -L/usr/local/lib -o httpserver.so cpp4r.o httpserver.o -luv -lpthread -ldl -lrt -lm ./http-parser/http_parser.o ./sha1/sha1.o ./md5/md5.o -pthread -L/opt/R/devel/lib/R/lib -lR
installing to /cache/R_libs/00LOCK-httpserver/00new/httpserver/libs
** R
** inst
** byte-compile and prepare package for lazy loading
** help
*** installing help indices
  converting help for package ‘httpserver’
    finding HTML links ... done
    as.static_path                          html  
    encode_uri                              html  
    getRNGState                             html  
    httpserver-package                      html  
    interrupt                               html  
    ip_family                               html  
    list_servers                            html  
    log_level                               html  
    random_port                             html  
    raw_to_base64                           html  
    run_server                              html  
    run_static_server                       html  
    service                                 html  
    start_server                            html  
    static_path                             html  
    static_path_options                     html  
    stop_all_servers                        html  
    stop_server                             html  
    web_socket                              html  
** building package indices
** testing if installed package can be loaded from temporary location
** checking absolute paths in shared objects and dynamic libraries
** testing if installed package can be loaded from final location
** testing if installed package keeps a record of temporary installation path
* DONE (httpserver)
* using log directory ‘/check/httpserver.Rcheck’
* using R Under development (unstable) (2026-06-21 r90185)
* using platform: x86_64-pc-linux-gnu
* R was compiled by
    gcc (GCC) 15.2.1 20260123 (Red Hat 15.2.1-7)
    GNU Fortran (GCC) 15.2.1 20260123 (Red Hat 15.2.1-7)
* running under: Fedora Linux 42 (Container Image)
* using session charset: UTF-8
* current time: 2026-09-29 14:25:58 UTC
* using options ‘--no-manual --as-cran’
* checking for file ‘httpserver/DESCRIPTION’ ... OK
* checking extension type ... Package
* this is package ‘httpserver’ version ‘0.1’
* package encoding: UTF-8
* checking CRAN incoming feasibility ... NOTE
Maintainer: ‘Mauricio Vargas Sepulveda <m.vargas.sepulveda@gmail.com>’

New submission
* checking package namespace information ... OK
* checking package dependencies ... OK
* checking if this is a source package ... OK
* checking if there is a namespace ... OK
* checking for .dll and .exe files ... OK
* checking for hidden files and directories ... OK
* checking for portable file names ... OK
* checking for sufficient/correct file permissions ... OK
* checking whether package ‘httpserver’ can be installed ... [24s/24s] OK
* used C++ compiler: ‘g++ (GCC) 15.2.1 20260123 (Red Hat 15.2.1-7)’
* checking package directory ... OK
* checking for future file timestamps ... OK
* checking DESCRIPTION meta-information ... OK
* checking top-level files ... OK
* checking for left-over files ... OK
* checking index information ... OK
* checking package subdirectories ... OK
* checking code files for non-ASCII characters ... OK
* checking R files for syntax errors ... OK
* checking whether the package can be loaded ... OK
* checking whether the package can be loaded with stated dependencies ... OK
* checking whether the package can be unloaded cleanly ... OK
* checking whether the namespace can be loaded with stated dependencies ... OK
* checking whether the namespace can be unloaded cleanly ... OK
* checking loading without being on the library search path ... OK
* checking use of S3 registration ... OK
* checking dependencies in R code ... OK
* checking S3 generic/method consistency ... OK
* checking replacement functions ... OK
* checking foreign function calls ... OK
* checking R code for possible problems ... OK
* checking Rd files ... OK
* checking Rd metadata ... OK
* checking Rd line widths ... OK
* checking Rd cross-references ... OK
* checking for missing documentation entries ... OK
* checking for code/documentation mismatches ... OK
* checking Rd \usage sections ... OK
* checking Rd contents ... OK
* checking for unstated dependencies in examples ... OK
* checking line endings in shell scripts ... OK
* checking line endings in C/C++/Fortran sources/headers ... OK
* checking line endings in Makefiles ... OK
* checking compilation flags in Makevars ... OK
* checking for GNU extensions in Makefiles ... INFO
GNU make is a SystemRequirements.
* checking for portable use of $(BLAS_LIBS) and $(LAPACK_LIBS) ... OK
* checking use of PKG_*FLAGS in Makefiles ... OK
* checking use of SHLIB_OPENMP_*FLAGS in Makefiles ... OK
* checking include directives in Makefiles ... OK
* checking pragmas in C/C++ headers and code ... OK
* checking compilation flags used ... OK
* checking compiled code ... OK
* checking examples ... OK
* checking for unstated dependencies in ‘tests’ ... OK
* checking tests ...
  Running ‘tinytest.R’
 OK
* checking for non-standard things in the check directory ... OK
* checking for detritus in the temp directory ... OK
* DONE

Status: 1 NOTE
See
  ‘/check/httpserver.Rcheck/00check.log’
for details.

=== 00install.out ===
* installing *source* package ‘httpserver’ ...
** this is package ‘httpserver’ version ‘0.1’
** using staged installation
** Using libuv found by pkg-config in /usr
** PKG_CFLAGS=
** PKG_LIBS=-luv -lpthread -ldl -lrt -lm
** libs
using C++ compiler: ‘g++ (GCC) 15.2.1 20260123 (Red Hat 15.2.1-7)’
g++ -std=gnu++20 -I"/opt/R/devel/lib/R/include" -DNDEBUG -pthread -I'/cache/R_libs/cpp4r/include' -I'/cache/R_libs/later2/include' -I/usr/local/include   -fvisibility=hidden -DSTRICT_R_HEADERS -fpic  -g -O2   -c cpp4r.cpp -o cpp4r.o
g++ -std=gnu++20 -I"/opt/R/devel/lib/R/include" -DNDEBUG -pthread -I'/cache/R_libs/cpp4r/include' -I'/cache/R_libs/later2/include' -I/usr/local/include   -fvisibility=hidden -DSTRICT_R_HEADERS -fpic  -g -O2   -c httpserver.cpp -o httpserver.o
gcc -I"/opt/R/devel/lib/R/include" -DNDEBUG -pthread -I'/cache/R_libs/cpp4r/include' -I'/cache/R_libs/later2/include' -I/usr/local/include   -fvisibility=hidden -DSTRICT_R_HEADERS -fpic  -g -O2  -c http-parser/http_parser.c -o http-parser/http_parser.o
gcc -I"/opt/R/devel/lib/R/include" -DNDEBUG -pthread -I'/cache/R_libs/cpp4r/include' -I'/cache/R_libs/later2/include' -I/usr/local/include   -fvisibility=hidden -DSTRICT_R_HEADERS -fpic  -g -O2  -c sha1/sha1.c -o sha1/sha1.o
gcc -I"/opt/R/devel/lib/R/include" -DNDEBUG -pthread -I'/cache/R_libs/cpp4r/include' -I'/cache/R_libs/later2/include' -I/usr/local/include   -fvisibility=hidden -DSTRICT_R_HEADERS -fpic  -g -O2  -c md5/md5.c -o md5/md5.o
g++ -std=gnu++20 -shared -L/opt/R/devel/lib/R/lib -L/usr/local/lib -o httpserver.so cpp4r.o httpserver.o -luv -lpthread -ldl -lrt -lm ./http-parser/http_parser.o ./sha1/sha1.o ./md5/md5.o -pthread -L/opt/R/devel/lib/R/lib -lR
installing to /check/httpserver.Rcheck/00LOCK-httpserver/00new/httpserver/libs
** R
** inst
** byte-compile and prepare package for lazy loading
** help
*** installing help indices
  converting help for package ‘httpserver’
    finding HTML links ... done
    as.static_path                          html  
    encode_uri                              html  
    getRNGState                             html  
    httpserver-package                      html  
    interrupt                               html  
    ip_family                               html  
    list_servers                            html  
    log_level                               html  
    random_port                             html  
    raw_to_base64                           html  
    run_server                              html  
    run_static_server                       html  
    service                                 html  
    start_server                            html  
    static_path                             html  
    static_path_options                     html  
    stop_all_servers                        html  
    stop_server                             html  
    web_socket                              html  
** building package indices
** testing if installed package can be loaded from temporary location
** checking absolute paths in shared objects and dynamic libraries
** testing if installed package can be loaded from final location
** testing if installed package keeps a record of temporary installation path
* DONE (httpserver)
=== 00check.log ===
* using log directory ‘/check/httpserver.Rcheck’
* using R Under development (unstable) (2026-06-21 r90185)
* using platform: x86_64-pc-linux-gnu
* R was compiled by
    gcc (GCC) 15.2.1 20260123 (Red Hat 15.2.1-7)
    GNU Fortran (GCC) 15.2.1 20260123 (Red Hat 15.2.1-7)
* running under: Fedora Linux 42 (Container Image)
* using session charset: UTF-8
* current time: 2026-09-29 14:25:58 UTC
* using options ‘--no-manual --as-cran’
* checking for file ‘httpserver/DESCRIPTION’ ... OK
* checking extension type ... Package
* this is package ‘httpserver’ version ‘0.1’
* package encoding: UTF-8
* checking CRAN incoming feasibility ... NOTE
Maintainer: ‘Mauricio Vargas Sepulveda <m.vargas.sepulveda@gmail.com>’

New submission
* checking package namespace information ... OK
* checking package dependencies ... OK
* checking if this is a source package ... OK
* checking if there is a namespace ... OK
* checking for .dll and .exe files ... OK
* checking for hidden files and directories ... OK
* checking for portable file names ... OK
* checking for sufficient/correct file permissions ... OK
* checking whether package ‘httpserver’ can be installed ... [24s/24s] OK
* used C++ compiler: ‘g++ (GCC) 15.2.1 20260123 (Red Hat 15.2.1-7)’
* checking package directory ... OK
* checking for future file timestamps ... OK
* checking DESCRIPTION meta-information ... OK
* checking top-level files ... OK
* checking for left-over files ... OK
* checking index information ... OK
* checking package subdirectories ... OK
* checking code files for non-ASCII characters ... OK
* checking R files for syntax errors ... OK
* checking whether the package can be loaded ... OK
* checking whether the package can be loaded with stated dependencies ... OK
* checking whether the package can be unloaded cleanly ... OK
* checking whether the namespace can be loaded with stated dependencies ... OK
* checking whether the namespace can be unloaded cleanly ... OK
* checking loading without being on the library search path ... OK
* checking use of S3 registration ... OK
* checking dependencies in R code ... OK
* checking S3 generic/method consistency ... OK
* checking replacement functions ... OK
* checking foreign function calls ... OK
* checking R code for possible problems ... OK
* checking Rd files ... OK
* checking Rd metadata ... OK
* checking Rd line widths ... OK
* checking Rd cross-references ... OK
* checking for missing documentation entries ... OK
* checking for code/documentation mismatches ... OK
* checking Rd \usage sections ... OK
* checking Rd contents ... OK
* checking for unstated dependencies in examples ... OK
* checking line endings in shell scripts ... OK
* checking line endings in C/C++/Fortran sources/headers ... OK
* checking line endings in Makefiles ... OK
* checking compilation flags in Makevars ... OK
* checking for GNU extensions in Makefiles ... INFO
GNU make is a SystemRequirements.
* checking for portable use of $(BLAS_LIBS) and $(LAPACK_LIBS) ... OK
* checking use of PKG_*FLAGS in Makefiles ... OK
* checking use of SHLIB_OPENMP_*FLAGS in Makefiles ... OK
* checking include directives in Makefiles ... OK
* checking pragmas in C/C++ headers and code ... OK
* checking compilation flags used ... OK
* checking compiled code ... OK
* checking examples ... OK
* checking for unstated dependencies in ‘tests’ ... OK
* checking tests ... OK
  Running ‘tinytest.R’
* checking for non-standard things in the check directory ... OK
* checking for detritus in the temp directory ... OK
* DONE
Status: 1 NOTE
